[INFO] Scanning for projects...
[INFO] ------------------------------------------------------------------------
[INFO] Reactor Build Order:
[INFO] 
[INFO] PokeApp Parent                                                     [pom]
[INFO] PokeApp Domain                                                     [jar]
[INFO] PokeApp Application                                                [jar]
[INFO] PokeApp Web                                                        [jar]
[INFO] 
[INFO] ---------------------< com.pokeapp:pokeapp-parent >---------------------
[INFO] Building PokeApp Parent 0.0.1-SNAPSHOT                             [1/4]
[INFO]   from pom.xml
[INFO] --------------------------------[ pom ]---------------------------------
[INFO] 
[INFO] ---------------------< com.pokeapp:pokeapp-domain >---------------------
[INFO] Building PokeApp Domain 0.0.1-SNAPSHOT                             [2/4]
[INFO]   from pokeapp-domain\pom.xml
[INFO] --------------------------------[ jar ]---------------------------------
[INFO] 
[INFO] --- resources:3.3.1:resources (default-resources) @ pokeapp-domain ---
[INFO] skip non existing resourceDirectory C:\Users\p\Documents\Projects\Java\pokeapp\pokeapp-domain\src\main\resources
[INFO] skip non existing resourceDirectory C:\Users\p\Documents\Projects\Java\pokeapp\pokeapp-domain\src\main\resources
[INFO] 
[INFO] --- compiler:3.13.0:compile (default-compile) @ pokeapp-domain ---
[INFO] Nothing to compile - all classes are up to date.
[INFO] 
[INFO] --- resources:3.3.1:testResources (default-testResources) @ pokeapp-domain ---
[INFO] skip non existing resourceDirectory C:\Users\p\Documents\Projects\Java\pokeapp\pokeapp-domain\src\test\resources
[INFO] 
[INFO] --- compiler:3.13.0:testCompile (default-testCompile) @ pokeapp-domain ---
[INFO] No sources to compile
[INFO] 
[INFO] --- surefire:3.2.5:test (default-test) @ pokeapp-domain ---
[INFO] ------------------------------------------------------------------------
[INFO] Reactor Summary for PokeApp Parent 0.0.1-SNAPSHOT:
[INFO] 
[INFO] PokeApp Parent ..................................... SUCCESS [  0.002 s]
[INFO] PokeApp Domain ..................................... FAILURE [  0.632 s]
[INFO] PokeApp Application ................................ SKIPPED
[INFO] PokeApp Web ........................................ SKIPPED
[INFO] ------------------------------------------------------------------------
[INFO] BUILD FAILURE
[INFO] ------------------------------------------------------------------------
[INFO] Total time:  0.848 s
[INFO] Finished at: 2026-04-02T13:59:35-03:00
[INFO] ------------------------------------------------------------------------
[ERROR] Failed to execute goal org.apache.maven.plugins:maven-surefire-plugin:3.2.5:test (default-test) on project pokeapp-domain: No tests matching pattern "AuthIntegrationTest" were executed! (Set -Dsurefire.failIfNoSpecifiedTests=false to ignore this error.) -> [Help 1]
[ERROR] 
[ERROR] To see the full stack trace of the errors, re-run Maven with the -e switch.
[ERROR] Re-run Maven using the -X switch to enable full debug logging.
[ERROR] 
[ERROR] For more information about the errors and possible solutions, please read the following articles:
[ERROR] [Help 1] http://cwiki.apache.org/confluence/display/MAVEN/MojoFailureException
[ERROR] 
[ERROR] After correcting the problems, you can resume the build with the command
[ERROR]   mvn <args> -rf :pokeapp-domain
